
- YASM Map file ---------------------------------------------------------------

Source file:  bswap64.asm
Output file:  bswap64.o

-- Program origin -------------------------------------------------------------

00000000

-- Sections (summary) ---------------------------------------------------------

Vstart    Vstop     Start     Stop      Length    Class     Name
00000000  00000049  00000000  00000049  00000049  progbits  .text

-- Sections (detailed) --------------------------------------------------------

---- Section .text ------------------------------------------------------------

class:     progbits
length:    00000049
start:     00000000
align:     00000004
follows:   not defined
vstart:    00000000
valign:    00000004
vfollows:  not defined

-- Symbols --------------------------------------------------------------------

---- No Section ---------------------------------------------------------------

Value     Name
0000000C  trampoline_size


---- Section .text ------------------------------------------------------------

Real      Virtual   Name
00000000  00000000  jit
00000043  00000043  start
00000049  00000049  end


