
- YASM Map file ---------------------------------------------------------------

Source file:  cpuid.asm
Output file:  cpuid.o

-- Program origin -------------------------------------------------------------

00000000

-- Sections (summary) ---------------------------------------------------------

Vstart    Vstop     Start     Stop      Length    Class     Name
00000000  0000005B  00000000  0000005B  0000005B  progbits  .text

-- Sections (detailed) --------------------------------------------------------

---- Section .text ------------------------------------------------------------

class:     progbits
length:    0000005B
start:     00000000
align:     00000004
follows:   not defined
vstart:    00000000
valign:    00000004
vfollows:  not defined

-- Symbols --------------------------------------------------------------------

---- No Section ---------------------------------------------------------------

Value     Name
00000029  trampoline_size


---- Section .text ------------------------------------------------------------

Real      Virtual   Name
00000000  00000000  jit
00000043  00000043  start
0000005B  0000005B  end


