
- YASM Map file ---------------------------------------------------------------

Source file:  rdtscp.asm
Output file:  rdtscp.o

-- Program origin -------------------------------------------------------------

00000000

-- Sections (summary) ---------------------------------------------------------

Vstart    Vstop     Start     Stop      Length    Class     Name
00000000  00000040  00000000  00000040  00000040  progbits  .text

-- Sections (detailed) --------------------------------------------------------

---- Section .text ------------------------------------------------------------

class:     progbits
length:    00000040
start:     00000000
align:     00000004
follows:   not defined
vstart:    00000000
valign:    00000004
vfollows:  not defined

-- Symbols --------------------------------------------------------------------

---- No Section ---------------------------------------------------------------

Value     Name
0000000A  trampoline_size


---- Section .text ------------------------------------------------------------

Real      Virtual   Name
00000000  00000000  jit
00000036  00000036  start
00000040  00000040  end


